#genome_nexus_version: 1.0.2
#isoform: uniprot
Hugo_Symbol	Entrez_Gene_Id	Center	NCBI_Build	Chromosome	Start_Position	End_Position	Strand	Variant_Classification	Variant_Type	Reference_Allele	Tumor_Seq_Allele1	Tumor_Seq_Allele2	dbSNP_RS	dbSNP_Val_Status	Tumor_Sample_Barcode	Matched_Norm_Sample_Barcode	Match_Norm_Seq_Allele1	Match_Norm_Seq_Allele2	Tumor_Validation_Allele1	Tumor_Validation_Allele2	Match_Norm_Validation_Allele1	Match_Norm_Validation_Allele2	Verification_Status	Validation_Status	Mutation_Status	Sequencing_Phase	Sequence_Source	Validation_Method	Score	BAM_File	Sequencer	HGVSp_Short	t_alt_count	t_ref_count	n_alt_count	n_ref_count	A	B	C	Codons	Consequence	D	Exon_Number	HGVSc	HGVSp	Protein_position	RefSeq	Transcript_ID	Annotation_Status
PIK3CA	5290		GRCh37	3	178916927	178916939	+	In_Frame_Del	DEL	TAGGCAACCGTGA	G	G																				p.V105_E109delinsG								gTAGGCAACCGTGAa/gGa	protein_altering_variant		2/21	ENST00000263967.3:c.314_326delinsG	p.Val105_Glu109delinsGly	105	NM_006218.2	ENST00000263967	SUCCESS
EGFR	1956		GRCh37	7	55220240	55220240	+	Splice_Region	SNP	G	T	T																				p.X210_splice								ctG/ctT	splice_region_variant,synonymous_variant		6/28	ENST00000275493.2:c.630G>T		210	NM_005228.3	ENST00000275493	SUCCESS
EGFR	1956		GRCh37	7	55242468	55242486	+	In_Frame_Del	DEL	ATTAAGAGAAGCAACATCT	AGCAA	GCAA																				p.L747_S752delinsQ								gaATTAAGAGAAGCAACATCT/gaGCAA	protein_altering_variant		19/28	ENST00000275493.2:c.2238_2256delinsGCAA	p.Leu747_Ser752delinsGln	746	NM_005228.3	ENST00000275493	SUCCESS
