#genome_nexus_version: 1.0.2
#isoform: uniprot
#version 2.4
Hugo_Symbol	Entrez_Gene_Id	Center	NCBI_Build	Chromosome	Start_Position	End_Position	Strand	Consequence	Variant_Classification	Variant_Type	Reference_Allele	Tumor_Seq_Allele1	Tumor_Seq_Allele2	dbSNP_RS	dbSNP_Val_Status	Tumor_Sample_Barcode	Matched_Norm_Sample_Barcode	Match_Norm_Seq_Allele1	Match_Norm_Seq_Allele2	Tumor_Validation_Allele1	Tumor_Validation_Allele2	Match_Norm_Validation_Allele1	Match_Norm_Validation_Allele2	Verification_Status	Validation_Status	Mutation_Status	Sequencing_Phase	Sequence_Source	Validation_Method	Score	BAM_File	Sequencer	t_ref_count	t_alt_count	n_ref_count	n_alt_count	HGVSc	HGVSp	HGVSp_Short	Transcript_ID	RefSeq	Protein_position	Codons	Exon_Number	n_depth	t_depth	Annotation_Status
MTOR	0	.	GRCh37	1	11290179	11290179	+	intron_variant	Intron	DEL	A	A	-	rs35067541		TUMOR	NORMAL	A	A														10	10	30	5	ENST00000361445.4:c.2779+803del		p.*927*	ENST00000361445	NM_004958.3				35	20	SUCCESS
Unknown	0	.	GRCh37	1	15557977	15557978	+		IGR	DNP	TG	TG	CA			TUMOR	NORMAL	TG	TG														11	5	21	1									22	16	SUCCESS
CHD1L	0	.	GRCh37	1	146728217	146728217	+	splice_donor_variant	Splice_Site	SNP	G	G	A	rs942221386		TUMOR	NORMAL	G	G														19	21	42	0	ENST00000369258.4:c.494+1G>A		p.X165_splice	ENST00000369258	NM_001256336.1	165			42	40	SUCCESS
INHA	0	.	GRCh37	2	220439700	220439701	+	frameshift_variant	Frame_Shift_Ins	INS	-	-	CT			TUMOR	NORMAL	-	-														21	72	51	0	ENST00000243786.2:c.562_563dup	p.Leu189CysfsTer2	p.L189Cfs*2	ENST00000243786	NM_002191.3	185	gct/gCTct	2/2	51	93	SUCCESS
BAP1	0	.	GRCh37	3	52437427	52437448	+	splice_donor_variant,coding_sequence_variant,intron_variant	Splice_Site	DEL	CCCACCTGTCAGCGCCAGGGGA	CCCACCTGTCAGCGCCAGGGGA	-			TUMOR	NORMAL	CCCACCTGTCAGCGCCAGGGGA	CCCACCTGTCAGCGCCAGGGGA														10	10	11	0	ENST00000460680.1:c.1713_1729+5del		p.X571_splice	ENST00000460680	NM_004656.3	571		13/17	11	20	SUCCESS
BAP1	0	.	GRCh37	3	52437702	52437708	+	frameshift_variant	Frame_Shift_Del	DEL	TGGGTGA	TGGGTGA	-			TUMOR	NORMAL	TGGGTGA	TGGGTGA														10	10	11	0	ENST00000460680.1:c.1453_1459del	p.Ser485ProfsTer84	p.S485Pfs*84	ENST00000460680	NM_004656.3	485	TCACCCAcc/cc	13/17	11	20	SUCCESS
BAP1	0	.	GRCh37	3	52443789	52443850	+	splice_region_variant,intron_variant	Splice_Region	DEL	TGGTCAGGCAGGCGCGTCCCGGGCCCATCCGGCCTCCCCAGCCCCTGGCCCTCCCGGTCCCC	TGGTCAGGCAGGCGCGTCCCGGGCCCATCCGGCCTCCCCAGCCCCTGGCCCTCCCGGTCCCC	-			TUMOR	NORMAL	TGGTCAGGCAGGCGCGTCCCGGGCCCATCCGGCCTCCCCAGCCCCTGGCCCTCCCGGTCCCC	TGGTCAGGCAGGCGCGTCCCGGGCCCATCCGGCCTCCCCAGCCCCTGGCCCTCCCGGTCCCC														10	10	11	0	ENST00000460680.1:c.37+8_38-30del		p.X13_splice	ENST00000460680	NM_004656.3	13			11	20	SUCCESS
PIK3CA	0	.	GRCh37	3	178928219	178928220	+	protein_altering_variant,splice_region_variant	In_Frame_Ins	INS	-	-	ATA			TUMOR	NORMAL	-	-														21	22	11	0	ENST00000263967.3:c.1406_1407insTAA	p.Glu469delinsAspLys	p.E469delinsDK	ENST00000263967	NM_006218.2	469	gaa/gATAaa	9/21	11	43	SUCCESS
PIK3CA	0	.	GRCh37	3	178936091	178936091	+	missense_variant	Missense_Mutation	SNP	G	-	A	rs104886003		TUMOR	NORMAL	G	G														21	22	11	0	ENST00000263967.3:c.1633G>A	p.Glu545Lys	p.E545K	ENST00000263967	NM_006218.2	545	Gag/Aag	10/21	11	43	SUCCESS
TERT	0	.	GRCh37	5	1295228	1295228	+	upstream_gene_variant	5'Flank	SNP	G	G	A	rs1242535815		TUMOR	NORMAL	G	G														10	10	11	0				ENST00000310581	NM_198253.2				11	20	SUCCESS
TERT	0	.	GRCh37	5	1295250	1295250	+	upstream_gene_variant	5'Flank	SNP	G	G	A	rs1561215364		TUMOR	NORMAL	G	G														10	10	11	0				ENST00000310581	NM_198253.2				11	20	SUCCESS
MAP3K1	0	.	GRCh37	5	56177849	56177851	+	inframe_deletion	In_Frame_Del	DEL	CAA	CAA	-	rs5868032		TUMOR	NORMAL	CAA	CAA														34	16	46	0	ENST00000399503.3:c.2845_2847del	p.Thr949del	p.T949del	ENST00000399503	NM_005921.1	941	tCAAca/tca	14/20	46	50	SUCCESS
CCND3	0	.	GRCh37	6	41903782	41903783	+	missense_variant	Missense_Mutation	DNP	AG	AG	CA	rs386700585		TUMOR	NORMAL	AG	AG														28	22	48	0	ENST00000372991.4:c.774_775delinsTG	p.Ser259Ala	p.S259A	ENST00000372991	NM_001760.3	258	gcCTct/gcTGct	5/5	48	50	SUCCESS
MET	0	.	GRCh37	7	116412043	116412043	+	missense_variant,splice_region_variant	Missense_Mutation	SNP	G	G	C			TUMOR	NORMAL	G	G														25	22	98	1	ENST00000397752.3:c.3028G>C	p.Asp1010His	p.D1010H	ENST00000397752	NM_000245.2	1010	Gat/Cat	14/21	99	47	SUCCESS
FLT3	0	.	GRCh37	13	28608242	28608243	+	inframe_insertion	In_Frame_Ins	INS	-	-	ACTCCCATTTGAGATCATATTCATATTCTCTGAAATCAACGTAGAAGTACTCATTACCCCCTCGGGGGG			TUMOR	NORMAL	-	-														10	10	11	0	ENST00000241453.7:c.1813_1814insCCCCCCGAGGGGGTAATGAGTACTTCTACGTTGATTTCAGAGAATATGAATATGATCTCAAATGGGAGT	p.Glu604_Phe605insSerProArgGlyGlyAsnGluTyrPheTyrValAspPheArgGluTyrGluTyrAspLeuLysTrpGlu	p.E604_F605insSPRGGNEYFYVDFREYEYDLKWE	ENST00000241453	NM_004119.2	605	ttt/tCCCCCCGAGGGGGTAATGAGTACTTCTACGTTGATTTCAGAGAATATGAATATGATCTCAAATGGGAGTtt	14/24	11	20	SUCCESS
TP53	0	.	GRCh37	17	7579312	7579312	+	splice_region_variant,synonymous_variant	Splice_Region	SNP	C	C	A	rs55863639		TUMOR	NORMAL	C	C														20	22	18	1	ENST00000269305.4:c.375G>T		p.X125_splice	ENST00000269305	NM_001126112.2	125	acG/acT	4/11	19	42	SUCCESS
